// Jest Snapshot v1, https://goo.gl/fbAQLP

exports[`<StudentCell /> with <StudentList /> should match old snapshot 1`] = `
ShallowWrapper {
  "length": 1,
  Symbol(enzyme.__root__): [Circular],
  Symbol(enzyme.__unrendered__): <StudentCell
    name="A01"
>
    Big
</StudentCell>,
  Symbol(enzyme.__renderer__): Object {
    "batchedUpdates": [Function],
    "getNode": [Function],
    "render": [Function],
    "simulateEvent": [Function],
    "unmount": [Function],
  },
  Symbol(enzyme.__node__): Object {
    "instance": null,
    "key": undefined,
    "nodeType": "class",
    "props": Object {
      "children": Array [
        <div
          className="card"
>
          Big
</div>,
        <div
          className="name"
>
          A01
</div>,
      ],
      "className": "root",
      "disabled": undefined,
      "onDoubleClick": undefined,
    },
    "ref": null,
    "rendered": Array [
      Object {
        "instance": null,
        "key": undefined,
        "nodeType": "host",
        "props": Object {
          "children": "Big",
          "className": "card",
        },
        "ref": null,
        "rendered": "Big",
        "type": "div",
      },
      Object {
        "instance": null,
        "key": undefined,
        "nodeType": "host",
        "props": Object {
          "children": "A01",
          "className": "name",
        },
        "ref": null,
        "rendered": "A01",
        "type": "div",
      },
    ],
    "type": [Function],
  },
  Symbol(enzyme.__nodes__): Array [
    Object {
      "instance": null,
      "key": undefined,
      "nodeType": "class",
      "props": Object {
        "children": Array [
          <div
            className="card"
>
            Big
</div>,
          <div
            className="name"
>
            A01
</div>,
        ],
        "className": "root",
        "disabled": undefined,
        "onDoubleClick": undefined,
      },
      "ref": null,
      "rendered": Array [
        Object {
          "instance": null,
          "key": undefined,
          "nodeType": "host",
          "props": Object {
            "children": "Big",
            "className": "card",
          },
          "ref": null,
          "rendered": "Big",
          "type": "div",
        },
        Object {
          "instance": null,
          "key": undefined,
          "nodeType": "host",
          "props": Object {
            "children": "A01",
            "className": "name",
          },
          "ref": null,
          "rendered": "A01",
          "type": "div",
        },
      ],
      "type": [Function],
    },
  ],
  Symbol(enzyme.__options__): Object {
    "adapter": ReactSixteenAdapter {
      "options": Object {
        "enableComponentDidUpdateOnSetState": true,
      },
    },
  },
}
`;
