// Jest Snapshot v1, https://goo.gl/fbAQLP

exports[`<Tab /> with <NavigationBar /> should match old snapshot 1`] = `
ShallowWrapper {
  "length": 1,
  Symbol(enzyme.__root__): [Circular],
  Symbol(enzyme.__unrendered__): <StaticRouter
    basename=""
    context={Object {}}
    location="/"
>
    <withRouter(RawTab)
        link="/about"
        location={
            Object {
                "pathname": "",
              }
        }
    >
        About us
    </withRouter(RawTab)>
</StaticRouter>,
  Symbol(enzyme.__renderer__): Object {
    "batchedUpdates": [Function],
    "getNode": [Function],
    "render": [Function],
    "simulateEvent": [Function],
    "unmount": [Function],
  },
  Symbol(enzyme.__node__): Object {
    "instance": null,
    "key": undefined,
    "nodeType": "class",
    "props": Object {
      "children": <withRouter(RawTab)
        link="/about"
        location={
                Object {
                        "pathname": "",
                      }
        }
>
        About us
</withRouter(RawTab)>,
      "history": Object {
        "action": "POP",
        "block": [Function],
        "createHref": [Function],
        "go": [Function],
        "goBack": [Function],
        "goForward": [Function],
        "listen": [Function],
        "location": Object {
          "hash": "",
          "pathname": "/",
          "search": "",
        },
        "push": [Function],
        "replace": [Function],
      },
    },
    "ref": null,
    "rendered": Object {
      "instance": null,
      "key": undefined,
      "nodeType": "function",
      "props": Object {
        "children": "About us",
        "link": "/about",
        "location": Object {
          "pathname": "",
        },
      },
      "ref": null,
      "rendered": "About us",
      "type": [Function],
    },
    "type": [Function],
  },
  Symbol(enzyme.__nodes__): Array [
    Object {
      "instance": null,
      "key": undefined,
      "nodeType": "class",
      "props": Object {
        "children": <withRouter(RawTab)
          link="/about"
          location={
                    Object {
                              "pathname": "",
                            }
          }
>
          About us
</withRouter(RawTab)>,
        "history": Object {
          "action": "POP",
          "block": [Function],
          "createHref": [Function],
          "go": [Function],
          "goBack": [Function],
          "goForward": [Function],
          "listen": [Function],
          "location": Object {
            "hash": "",
            "pathname": "/",
            "search": "",
          },
          "push": [Function],
          "replace": [Function],
        },
      },
      "ref": null,
      "rendered": Object {
        "instance": null,
        "key": undefined,
        "nodeType": "function",
        "props": Object {
          "children": "About us",
          "link": "/about",
          "location": Object {
            "pathname": "",
          },
        },
        "ref": null,
        "rendered": "About us",
        "type": [Function],
      },
      "type": [Function],
    },
  ],
  Symbol(enzyme.__options__): Object {
    "adapter": ReactSixteenAdapter {
      "options": Object {
        "enableComponentDidUpdateOnSetState": true,
      },
    },
  },
}
`;
